create table int_as_varchar(a varchar);
insert into int_as_varchar SELECT * from (
	VALUES
		('abc')
) t(a);
select a::INTEGER from int_as_varchar;
ERROR:  (PGDuckDB/ExecuteQuery) Conversion Error: Could not convert string 'abc' to INT32
LINE 1: SELECT (a)::integer AS a FROM int_as_varchar
                  ^
