create table hugeint_sum(a int);
insert into hugeint_sum select g from generate_series(1,100) g;
select pg_typeof(sum(a)) from hugeint_sum;
 pg_typeof 
-----------
 hugeint
(1 row)

select sum(a) result from hugeint_sum;
 result 
--------
   5050
(1 row)

drop table hugeint_sum;
