SET duckdb.force_execution = TRUE;
CREATE SCHEMA selinto_schema;
CREATE TABLE selinto_schema.tbl_nodata4 (a) AS
EXECUTE data_sel WITH NO DATA;
ERROR:  prepared statement "data_sel" does not exist
DROP SCHEMA selinto_schema CASCADE;
